{
  "status": "OOS_RESEARCH_ONLY_NOT_LIVE_APPROVED",
  "data_file": "csv/XAUUSD/XAUUSD_M5_2026Q1Q2.csv",
  "data_sha256": "ee23e18f0ed77160893936d0312c008261e4f2ac16d82365898aba20ea26de9d",
  "rows": 17371,
  "start": "2026-02-25 00:00:00+00:00",
  "end": "2026-05-26 00:00:00+00:00",
  "features": 66,
  "feature_order": [
    "RSI_feat_lag_0",
    "RSI_feat_lag_1",
    "RSI_feat_lag_3",
    "RSI_feat_lag_7",
    "Stoch_feat_lag_0",
    "Stoch_feat_lag_1",
    "Stoch_feat_lag_3",
    "Stoch_feat_lag_7",
    "CCI_feat_lag_0",
    "CCI_feat_lag_1",
    "CCI_feat_lag_3",
    "CCI_feat_lag_7",
    "WPR_feat_lag_0",
    "WPR_feat_lag_1",
    "WPR_feat_lag_3",
    "WPR_feat_lag_7",
    "DeMarker_feat_lag_0",
    "DeMarker_feat_lag_1",
    "DeMarker_feat_lag_3",
    "DeMarker_feat_lag_7",
    "MACD_Diff_ATR_Ratio_lag_0",
    "MACD_Diff_ATR_Ratio_lag_1",
    "MACD_Diff_ATR_Ratio_lag_3",
    "MACD_Diff_ATR_Ratio_lag_7",
    "ADX_feat_lag_0",
    "ADX_feat_lag_1",
    "ADX_feat_lag_3",
    "ADX_feat_lag_7",
    "BB_Width_ATR_Ratio_lag_0",
    "BB_Width_ATR_Ratio_lag_1",
    "BB_Width_ATR_Ratio_lag_3",
    "BB_Width_ATR_Ratio_lag_7",
    "EMA_Diff_ATR_Ratio_lag_0",
    "EMA_Diff_ATR_Ratio_lag_1",
    "EMA_Diff_ATR_Ratio_lag_3",
    "EMA_Diff_ATR_Ratio_lag_7",
    "Ichimoku_Kijun_Diff_lag_0",
    "Ichimoku_Kijun_Diff_lag_1",
    "Ichimoku_Kijun_Diff_lag_3",
    "Ichimoku_Kijun_Diff_lag_7",
    "SAR_Diff_ATR_Ratio_lag_0",
    "SAR_Diff_ATR_Ratio_lag_1",
    "SAR_Diff_ATR_Ratio_lag_3",
    "SAR_Diff_ATR_Ratio_lag_7",
    "StdDev_feat_lag_0",
    "StdDev_feat_lag_1",
    "StdDev_feat_lag_3",
    "StdDev_feat_lag_7",
    "Momentum_5_lag_0",
    "Momentum_5_lag_1",
    "Momentum_5_lag_3",
    "Momentum_5_lag_7",
    "Momentum_15_lag_0",
    "Momentum_15_lag_1",
    "Momentum_15_lag_3",
    "Momentum_15_lag_7",
    "Sub1_RSI",
    "Sub1_ADX",
    "Sub1_EMA_Diff",
    "Sub1_EMA_Slope",
    "Sub1_Stoch",
    "ATR_Ratio",
    "Spread_ATR_Ratio",
    "Hour_Seasonality",
    "Day_Seasonality",
    "Hour_Activity_feat"
  ],
  "label": {
    "spread_usd": 0.8,
    "horizon_bars": 72,
    "sl_atr": 1.5,
    "rr": 2.0,
    "same_bar_rule": "SL_first"
  },
  "split": {
    "train": 10350,
    "validation": 3330,
    "oos": 3403,
    "purge": 72
  },
  "BUY_model": {
    "threshold": 0.55,
    "test_MAE": 1.1884725486931678,
    "test_AUC": 0.44900507232623654,
    "test_Brier": 0.19649221185829116
  },
  "SELL_model": {
    "threshold": 0.55,
    "test_MAE": 1.3572789178167908,
    "test_AUC": 0.4660119525280141,
    "test_Brier": 0.24271148298154047
  },
  "validation_er_threshold_search": {
    "target_PF": 1.2,
    "buy_threshold": 0.0,
    "sell_threshold": 0.025,
    "validation_metrics": {
      "trades": 186,
      "PF": 1.2646981805435704,
      "sum_R": 29.910894401423462,
      "WR": 0.3924731182795699,
      "mean_R": 0.16081126022270678,
      "maxDD_R": 22.0
    }
  },
  "variants": {
    "ML66_only": {
      "trades": 178,
      "WR": 0.3651685393258427,
      "PF": 1.1499980140772343,
      "sum_R": 16.813421444757374,
      "mean_R": 0.09445742384695154,
      "maxDD_R": 15.0,
      "return_pct_at_1pct_fixed_risk": 16.813421444757374,
      "maxDD_pct_at_1pct_fixed_risk": 15.0,
      "first_idx": 13968,
      "last_idx": 17276
    },
    "ML66_ER_Tuned": {
      "trades": 169,
      "PF": 1.0716229962728459,
      "sum_R": 7.813421444757376,
      "WR": 0.34911242603550297,
      "mean_R": 0.046233262986730035,
      "maxDD_R": 11.0
    },
    "ML66_Meta": {
      "trades": 0
    },
    "ML66_Meta_A17": {
      "trades": 0
    }
  },
  "notes": [
    "All thresholds chosen before OOS using validation only.",
    "OOS simulation is sequential/non-overlapping: next signal allowed only after prior trade exit.",
    "Return% proxy assumes fixed 1% of initial equity risk per trade; final portfolio return requires Nautilus/raw-tick execution validation.",
    "Spread proxy included in labels; commission/slippage/swap are not included."
  ]
}
